// Jest Snapshot v1, https://goo.gl/fbAQLP

exports[`<MenuLink /> should match snapshot 1`] = `
.c0 {
  display: block;
  text-decoration: none;
  font-size: 1.6rem;
  padding: 2.4rem;
  color: #0A1128;
  position: relative;
}

.c0::after {
  content: '';
  position: absolute;
  bottom: 0.76rem;
  left: 35%;
  width: 25%;
  height: 0.2rem;
  background: #DC143C;
  transition: all 300ms ease-in-out;
}

.c0:hover::after {
  left: 25%;
  width: 50%;
}

<div>
  <a
    class="c0"
    href="http://localhost"
    target="_self"
  >
    Children
  </a>
</div>
`;
